// Jest Snapshot v1, https://goo.gl/fbAQLP

exports[`should correctly render Loadingpage 1`] = `
<div
  className="loader"
>
  <img
    className="loader__image"
    src="/images/spinner.gif"
  />
</div>
`;
